[nb8503rd@csci4 Project1]$ ls


a.out     Empty.txt  Grade      HwScore.cpp  project1Q2.cpp  TestScore.cpp


data.txt  Final.cpp  Grade.txt  HwScore.txt  Project1Q2.txt  TestScore.txt


[nb8503rd@csci4 Project1]$ cat data.txt 

Singh,Ami    XPE21039   90  89  90  80  90  97  98  95  96  90  99  90  96  95  93
Cody,Jack    XPS10203	90  89  78  87  98  78  67  78  86  99  78  87  67  89  98
Dony,Harry   AOI01920	78  87  75  76  72  70  60  75  76  78  80  72  76  78  74
Doe,Alexa    AOI12039	65  56  40  65  67  68  69  67  66  67  63  62  67  62  69
Otto,Jonie   KLD12304	50  56  54  20  45  65  78  50  24  78  95  50  56  57  59
Doe,Ponyee   XPS12035	80  70  105 58  90  80  70  78  98  78  98  78  98  87  95
Potter,Mary  APS12392   78  80  93  -10 70  80  90  89  70  85  79  98  97  85  76
Dine,Ander   SIU12893	86  54  89  54  54  65  78  35  89  75  95  87  727 66  87
Perry,Joe    DEI12933	86  88  85  86  99  78  85  75  95  75  91  -56 98  78  89
Rai,Amily    QEU23045	86  78  98  45  65  78  98  78  89  87  105 65  45  89  99
Sey,Anu	     EU129351	78  98  78  48  78  68  78  98  78  45  -89 78  78  98  78	


[nb8503rd@csci4 Project1]$ cat Final.cpp 



/* Kiran    Kadariya
  CSCI 201-54
  Project 01 Question 05
  */

//Using the header files!!
#include<iostream>
#include<fstream>
#include<string>
#include<iomanip>
using namespace std;


char grad(float totl)     //Function to determine student's Grade.
{ 
  
  char A, B, C, D, F, Z;
  
  if(totl>90 || totl==90)
    return 'A';
  else if(totl>80 || totl==80)
         return 'B';
  else if(totl>70 || totl==70)
         return 'C';
  else if(totl>60 || totl == 60)
         return 'D';
  else if(totl<60 && totl>0)
         return 'F';
  else
     return 'Z';

  }

float testScore(istream& infile)  // Function to calculate test score
{
  float tot=0, test=0;
  bool error=false;
  
  for ( int j=1; j<=3; j++)
  { 
    infile>>test;
    
    if( (test<0) || (test>100))
    {
      error = true;
     }
    
    tot +=test;
    
   }
    
   infile>>test;
   tot = (tot + 2*test)/10;

  if(error)
     return -1;

  return tot;
  }


float hworkScore(istream& infile)   //Function to calculate homework score
{
 float total = 0, hw, least =0;
 bool error = false;

 infile>>hw;
 least = hw;

 for( int i =1; i<=9; i++)
  {
   
   if ((hw<0) || (hw>100))
      error = true;

   total += hw;
   
   if ( hw < least)
      least = hw;

   infile>>hw;
   }
  total +=hw;
  total = (total - least);

  if(error)
   return -1;

  return total;
  }

void printRecord (string name,  string Id, float hwscore, float testscore, 
		  float finalscore, char grade, ostream& outfile) 		//Function to print output
{
 outfile<<setw(12)<<left<<name 			   //Left aligned with width 12
 	<<setw(10)<<Id;

 if(hwscore == -1 || testscore == -1)               // To print the value as -1.0 instead of -1.00
   {
    outfile<<setw(8)<<fixed<<setprecision(1)<<hwscore   //Prints the decimal even if its zero
           <<setw(8)<<testscore
           <<setw(8)<<finalscore;
    }
 else
    {
    outfile<<setw(8)<<fixed<<setprecision(2)<<hwscore   
           <<setw(8)<<testscore
           <<setw(8)<<finalscore;
     }
 outfile<<setw(8)<<grade<<endl;
}

int main()   //Main function
{
 ofstream outfile;
 ifstream infile;

 string file_name, Id, name, record;
 char grade = 'Z';
 float hw = 0, ca = 0, hwscore = 0, testscore = 0, totalscore = 0;
 
 cout<<"Please enter the name of the file: ";
 cin>>file_name;
 infile.open(file_name.c_str());

 if (!infile)  //If file cannot be opened, it terminates the program.
 {
  cout << "Could not open output file \n";
  return 0;
  }

 outfile.open("Grade.txt");   //Saves output file as Grade.txt
 
 if (!outfile)
 {
  outfile << "Could not open output file \n";
  return 0;
  }



 infile>>name;       //Try to read a name;
 
 while(!infile.eof())
 { 
   infile >> Id;              //Read Id
   hw = hworkScore(infile); //Calling the hworkScore function
   infile >> ca;           //Read next number as class participation
   hwscore = (ca + hw)*50/1000;   //calculates the total hw and class participation score out of 50.
   
   if (hw == -1 || (ca<0 || ca>100) )  //Checking error!!!
       hwscore = -1;
 
  testscore = testScore(infile); //Calculate the testscore by calling testScore function

  totalscore = hwscore + testscore;  //Calculate the total score
   // Compute grade (function not written)

   if (hwscore == -1 || testscore == -1) //Checking error!!!
      totalscore = -1;

   grade = grad(totalscore);  //Calculates grade calling grad function
    

   printRecord(name, Id, hwscore, testscore, totalscore, grade, outfile); //Calling function to print output
   getline(infile, record); //Consumes the rest of the line
   infile >> name; //Try to read another name
 
 }

 infile.close();  //Closes the input file
 outfile.close(); //Closes the output file

 return 0;

}



[nb8503rd@csci4 Project1]$ g++ Final.cpp 


[nb8503rd@csci4 Project1]$ ./a.out


Please enter the name of the file: data.txt


[nb8503rd@csci4 Project1]$ cat Grade.txt

Singh,Ami   XPE21039  46.70   46.70   93.40   A       
Cody,Jack   XPS10203  43.05   43.90   86.95   B       
Dony,Harry  AOI01920  38.35   37.40   75.75   C       
Doe,Alexa   AOI12039  32.65   32.90   65.55   D       
Otto,Jonie  KLD12304  29.75   28.10   57.85   F       
Doe,Ponyee  XPS12035  -1.0    45.3    -1.0    Z       
Potter,Mary APS12392  -1.0    43.2    -1.0    Z       
Dine,Ander  SIU12893  37.0    -1.0    -1.0    Z       
Perry,Joe   DEI12933  43.4    -1.0    -1.0    Z       
Rai,Amily   QEU23045  -1.0    39.7    -1.0    Z       
Sey,Anu     EU129351  -1.0    41.0    -1.0    Z       


[nb8503rd@csci4 Project1]$ cat Empty.txt 


[nb8503rd@csci4 Project1]$ g++ Final.cpp 


[nb8503rd@csci4 Project1]$ ./a.out


Please enter the name of the file: Empty.txt


[nb8503rd@csci4 Project1]$ cat Empty.txt 
